// Jest Snapshot v1, https://goo.gl/fbAQLP

exports[`App should render properly 1`] = `
<div
  className="PageWrapper"
>
  <img
    alt="logo"
    className="AppLogo"
    src="logo.svg"
  />
  <BrowserRouter>
    <Switch>
      <Route
        path="/signin"
      >
        <SignInForm />
      </Route>
      <Route
        path="/signup"
      >
        <SignUpForm />
      </Route>
      <Route
        path="/"
      >
        <Redirect
          to="/signin"
        />
      </Route>
    </Switch>
  </BrowserRouter>
</div>
`;
